test_as_built_cannot_cross_a_major_boundary (tests.test_architecture_as_built.AsBuiltVersionTests.test_as_built_cannot_cross_a_major_boundary) ... ok
test_as_built_equal_to_the_pin_is_rejected_so_exceptions_do_not_rot (tests.test_architecture_as_built.AsBuiltVersionTests.test_as_built_equal_to_the_pin_is_rejected_so_exceptions_do_not_rot) ... ok
test_as_built_false_is_not_an_accepted_form (tests.test_architecture_as_built.AsBuiltVersionTests.test_as_built_false_is_not_an_accepted_form) ... ok
test_as_built_is_forbidden_on_a_digest_pinned_image (tests.test_architecture_as_built.AsBuiltVersionTests.test_as_built_is_forbidden_on_a_digest_pinned_image) ... ok
test_as_built_lock_is_byte_identical_on_repeat (tests.test_architecture_as_built.AsBuiltVersionTests.test_as_built_lock_is_byte_identical_on_repeat) ... ok
test_as_built_on_a_zero_major_also_pins_the_minor (tests.test_architecture_as_built.AsBuiltVersionTests.test_as_built_on_a_zero_major_also_pins_the_minor) ... ok
test_as_built_records_the_declared_version_not_the_catalog_pin (tests.test_architecture_as_built.AsBuiltVersionTests.test_as_built_records_the_declared_version_not_the_catalog_pin) ... ok
test_as_built_requires_a_parseable_leading_major (tests.test_architecture_as_built.AsBuiltVersionTests.test_as_built_requires_a_parseable_leading_major) ... ok
test_as_built_still_obeys_exception_expiry_and_duration_bounds (tests.test_architecture_as_built.AsBuiltVersionTests.test_as_built_still_obeys_exception_expiry_and_duration_bounds) ... ok
test_as_built_without_an_exception_fails_closed (tests.test_architecture_as_built.AsBuiltVersionTests.test_as_built_without_an_exception_fails_closed) ... ok
test_one_exception_covers_a_transition_that_is_also_as_built (tests.test_architecture_as_built.AsBuiltVersionTests.test_one_exception_covers_a_transition_that_is_also_as_built) ... ok
test_without_as_built_the_exact_pin_still_governs (tests.test_architecture_as_built.AsBuiltVersionTests.test_without_as_built_the_exact_pin_still_governs) ... ok
test_container_declaration_without_a_base_image_fails_closed (tests.test_architecture_as_built.ContainerDeliveryBaseImageTests.test_container_declaration_without_a_base_image_fails_closed) ... ok
test_every_existing_container_declaration_already_complies (tests.test_architecture_as_built.ContainerDeliveryBaseImageTests.test_every_existing_container_declaration_already_complies) ... ok
test_native_delivery_contracts_are_untouched (tests.test_architecture_as_built.ContainerDeliveryBaseImageTests.test_native_delivery_contracts_are_untouched) ... ok
test_the_keyed_contract_set_tracks_the_schema_enum (tests.test_architecture_as_built.ContainerDeliveryBaseImageTests.test_the_keyed_contract_set_tracks_the_schema_enum)
A later docker-release major must not silently skip the rule. ... ok
test_all_legacy_references_validate_without_rewriting (tests.test_architecture_cli.ArchitectureCliTests.test_all_legacy_references_validate_without_rewriting) ... ok
test_cli_has_no_legacy_writer_or_ignore_switch (tests.test_architecture_cli.ArchitectureCliTests.test_cli_has_no_legacy_writer_or_ignore_switch) ... ok
test_explicit_migration_writes_only_temporary_v2_candidate (tests.test_architecture_cli.ArchitectureCliTests.test_explicit_migration_writes_only_temporary_v2_candidate) ... ok
test_failure_diagnostic_does_not_echo_input_values (tests.test_architecture_cli.ArchitectureCliTests.test_failure_diagnostic_does_not_echo_input_values) ... ok
test_historical_prose_and_valid_machine_drift_through_cli (tests.test_architecture_cli.ArchitectureCliTests.test_historical_prose_and_valid_machine_drift_through_cli) ... ok
test_lock_twice_is_byte_identical_and_validates (tests.test_architecture_cli.ArchitectureCliTests.test_lock_twice_is_byte_identical_and_validates) ... ok
test_unknown_formats_markers_and_tampering_are_read_only_failures (tests.test_architecture_cli.ArchitectureCliTests.test_unknown_formats_markers_and_tampering_are_read_only_failures) ... ok
test_validate_and_explain_are_machine_readable (tests.test_architecture_cli.ArchitectureCliTests.test_validate_and_explain_are_machine_readable) ... ok
test_governance_docs_keep_candidate_and_delivery_boundaries (tests.test_architecture_governance.ArchitectureGovernanceTests.test_governance_docs_keep_candidate_and_delivery_boundaries) ... ok
test_inventory_is_deduplicated_complete_and_explicit_about_gaps (tests.test_architecture_governance.ArchitectureGovernanceTests.test_inventory_is_deduplicated_complete_and_explicit_about_gaps) ... ok
test_newemaint_evidence_is_dry_run_only (tests.test_architecture_governance.ArchitectureGovernanceTests.test_newemaint_evidence_is_dry_run_only) ... ok
test_canonical_output_is_sorted_and_byte_stable (tests.test_architecture_json.ArchitectureJsonTests.test_canonical_output_is_sorted_and_byte_stable) ... ok
test_duplicate_keys_fail_closed (tests.test_architecture_json.ArchitectureJsonTests.test_duplicate_keys_fail_closed) ... ok
test_non_finite_and_float_numbers_are_rejected (tests.test_architecture_json.ArchitectureJsonTests.test_non_finite_and_float_numbers_are_rejected) ... ok
test_secret_markers_fail_without_echoing_values (tests.test_architecture_json.ArchitectureJsonTests.test_secret_markers_fail_without_echoing_values) ... ok
test_yaml_path_is_rejected_without_reading (tests.test_architecture_json.ArchitectureJsonTests.test_yaml_path_is_rejected_without_reading) ... ok
test_committed_reference_locks_cross_check (tests.test_architecture_lock.ArchitectureLockTests.test_committed_reference_locks_cross_check) ... ok
test_eol_boundary_is_invalid_on_exact_utc_date (tests.test_architecture_lock.ArchitectureLockTests.test_eol_boundary_is_invalid_on_exact_utc_date) ... ok
test_exception_expiry_boundary_is_invalid_on_exact_date (tests.test_architecture_lock.ArchitectureLockTests.test_exception_expiry_boundary_is_invalid_on_exact_date) ... ok
test_incomplete_exception_fails_schema (tests.test_architecture_lock.ArchitectureLockTests.test_incomplete_exception_fails_schema) ... ok
test_lock_checksum_and_drift_fail_closed (tests.test_architecture_lock.ArchitectureLockTests.test_lock_checksum_and_drift_fail_closed) ... ok
test_old_next_and_prisma_project_versions_fail_closed (tests.test_architecture_lock.ArchitectureLockTests.test_old_next_and_prisma_project_versions_fail_closed) ... ok
test_profile_catalog_and_delivery_mismatches_fail (tests.test_architecture_lock.ArchitectureLockTests.test_profile_catalog_and_delivery_mismatches_fail) ... ok
test_prohibited_component_and_source_freshness_fail (tests.test_architecture_lock.ArchitectureLockTests.test_prohibited_component_and_source_freshness_fail) ... ok
test_repeat_lock_is_byte_identical (tests.test_architecture_lock.ArchitectureLockTests.test_repeat_lock_is_byte_identical) ... ok
test_runtime_has_no_network_dependency (tests.test_architecture_lock.ArchitectureLockTests.test_runtime_has_no_network_dependency) ... ok
test_sunset_requires_migration_issue (tests.test_architecture_lock.ArchitectureLockTests.test_sunset_requires_migration_issue) ... ok
test_historical_prose_change_is_stable_for_existing_v2_lock (tests.test_architecture_profile_checksum.ProfileChecksumTests.test_historical_prose_change_is_stable_for_existing_v2_lock) ... ok
test_invalid_machine_changes_fail_at_policy_boundary (tests.test_architecture_profile_checksum.ProfileChecksumTests.test_invalid_machine_changes_fail_at_policy_boundary) ... ok
test_legacy_lock_retains_full_hash_and_prose_drift (tests.test_architecture_profile_checksum.ProfileChecksumTests.test_legacy_lock_retains_full_hash_and_prose_drift) ... ok
test_new_schema_approved_machine_fields_enter_hash_by_default (tests.test_architecture_profile_checksum.ProfileChecksumTests.test_new_schema_approved_machine_fields_enter_hash_by_default) ... ok
test_new_writer_uses_explicit_v2_and_retains_source_hashes (tests.test_architecture_profile_checksum.ProfileChecksumTests.test_new_writer_uses_explicit_v2_and_retains_source_hashes) ... ok
test_v2_checksum_tampering_and_marker_mixing_fail (tests.test_architecture_profile_checksum.ProfileChecksumTests.test_v2_checksum_tampering_and_marker_mixing_fail) ... ok
test_v2_generation_is_offline_and_does_not_mutate_inputs (tests.test_architecture_profile_checksum.ProfileChecksumTests.test_v2_generation_is_offline_and_does_not_mutate_inputs) ... ok
test_valid_machine_changes_drift_without_version_bump (tests.test_architecture_profile_checksum.ProfileChecksumTests.test_valid_machine_changes_drift_without_version_bump) ... ok
test_catalog_and_all_profiles_validate (tests.test_architecture_schema.ArchitectureSchemaTests.test_catalog_and_all_profiles_validate) ... ok
test_catalog_negative_contracts_fail_closed (tests.test_architecture_schema.ArchitectureSchemaTests.test_catalog_negative_contracts_fail_closed) ... ok
test_invalid_fixtures_fail_runtime (tests.test_architecture_schema.ArchitectureSchemaTests.test_invalid_fixtures_fail_runtime) ... ok
test_next_stable_release_contract_fails_closed (tests.test_architecture_schema.ArchitectureSchemaTests.test_next_stable_release_contract_fails_closed) ... ok
test_node_sqlite_profile_slots_and_multi_environment_contracts (tests.test_architecture_schema.ArchitectureSchemaTests.test_node_sqlite_profile_slots_and_multi_environment_contracts) ... ok
test_prisma_stable_release_contract_fails_closed (tests.test_architecture_schema.ArchitectureSchemaTests.test_prisma_stable_release_contract_fails_closed) ... ok
test_react_stable_release_contract_fails_closed (tests.test_architecture_schema.ArchitectureSchemaTests.test_react_stable_release_contract_fails_closed) ... ok
test_schema_and_runtime_agree_on_unknown_field (tests.test_architecture_schema.ArchitectureSchemaTests.test_schema_and_runtime_agree_on_unknown_field) ... ok
test_systemd_native_profile_has_no_container_or_frontend_slot (tests.test_architecture_schema.ArchitectureSchemaTests.test_systemd_native_profile_has_no_container_or_frontend_slot) ... ok
test_valid_fixtures_pass_schema_and_runtime (tests.test_architecture_schema.ArchitectureSchemaTests.test_valid_fixtures_pass_schema_and_runtime) ... ok
test_exception_time_bounds_fail_closed (tests.test_architecture_transitions.ArchitectureTransitionTests.test_exception_time_bounds_fail_closed) ... ok
test_migration_issue_accepts_absolute_http_and_still_rejects_the_rest (tests.test_architecture_transitions.ArchitectureTransitionTests.test_migration_issue_accepts_absolute_http_and_still_rejects_the_rest)
The internal tracker is reachable over http only, so an absolute http ... ok
test_multiple_transitions_may_share_one_umbrella_issue (tests.test_architecture_transitions.ArchitectureTransitionTests.test_multiple_transitions_may_share_one_umbrella_issue) ... ok
test_preferred_path_remains_valid_without_exception (tests.test_architecture_transitions.ArchitectureTransitionTests.test_preferred_path_remains_valid_without_exception) ... ok
test_profile_transition_contract_fails_closed (tests.test_architecture_transitions.ArchitectureTransitionTests.test_profile_transition_contract_fails_closed) ... ok
test_project_cannot_declare_multiple_transitions_for_one_slot (tests.test_architecture_transitions.ArchitectureTransitionTests.test_project_cannot_declare_multiple_transitions_for_one_slot) ... ok
test_project_cannot_declare_preferred_and_transition_for_one_slot (tests.test_architecture_transitions.ArchitectureTransitionTests.test_project_cannot_declare_preferred_and_transition_for_one_slot) ... ok
test_supported_transition_binds_issue_exception_and_expiry_in_lock (tests.test_architecture_transitions.ArchitectureTransitionTests.test_supported_transition_binds_issue_exception_and_expiry_in_lock) ... ok
test_transition_requires_absolute_issue_and_one_matching_exception (tests.test_architecture_transitions.ArchitectureTransitionTests.test_transition_requires_absolute_issue_and_one_matching_exception) ... ok

----------------------------------------------------------------------
Ran 70 tests in 2.392s

OK
