test_provider_failure_output_is_redacted (tests.test_parity.ProviderBoundaryTests.test_provider_failure_output_is_redacted) ... ok
test_credentials_are_never_forwarded_to_a_provider (tests.test_parity.ProviderEnvironmentTests.test_credentials_are_never_forwarded_to_a_provider) ... ok
test_each_provider_model_variable_is_forwarded (tests.test_parity.ProviderEnvironmentTests.test_each_provider_model_variable_is_forwarded) ... ok
test_ci_feedback_recovers_on_both_providers (tests.test_parity.ProviderParityMatrixTests.test_ci_feedback_recovers_on_both_providers) ... ok
test_external_blocker_stops_on_both_providers (tests.test_parity.ProviderParityMatrixTests.test_external_blocker_stops_on_both_providers) ... ok
test_no_provider_can_merge_or_deploy (tests.test_parity.ProviderParityMatrixTests.test_no_provider_can_merge_or_deploy) ... ok
test_repeated_root_cause_limit_stops_on_both_providers (tests.test_parity.ProviderParityMatrixTests.test_repeated_root_cause_limit_stops_on_both_providers) ... ok
test_round_limit_stops_on_both_providers (tests.test_parity.ProviderParityMatrixTests.test_round_limit_stops_on_both_providers) ... ok
test_scope_expansion_stops_on_both_providers (tests.test_parity.ProviderParityMatrixTests.test_scope_expansion_stops_on_both_providers) ... ok
test_success_reaches_ready_for_review_on_both_providers (tests.test_parity.ProviderParityMatrixTests.test_success_reaches_ready_for_review_on_both_providers) ... ok
test_verifier_feedback_recovers_on_both_providers (tests.test_parity.ProviderParityMatrixTests.test_verifier_feedback_recovers_on_both_providers) ... ok
test_disabled_provider_never_silently_falls_back_to_codex (tests.test_parity.ProviderRoutingTests.test_disabled_provider_never_silently_falls_back_to_codex) ... ok
test_unknown_provider_is_reported_not_defaulted (tests.test_parity.ProviderRoutingTests.test_unknown_provider_is_reported_not_defaulted) ... ok
test_disabled_provider_is_rejected (tests.test_parity.ProviderSelectionTests.test_disabled_provider_is_rejected) ... ok
test_each_provider_selects_its_own_adapter (tests.test_parity.ProviderSelectionTests.test_each_provider_selects_its_own_adapter) ... ok
test_explicit_script_override_is_honoured_per_provider (tests.test_parity.ProviderSelectionTests.test_explicit_script_override_is_honoured_per_provider) ... ok
test_unknown_provider_is_rejected (tests.test_parity.ProviderSelectionTests.test_unknown_provider_is_rejected) ... ok
test_a_malformed_quoted_skill_name_fails_closed (tests.test_matt_snapshot.MattSnapshotTests.test_a_malformed_quoted_skill_name_fails_closed) ... ok
test_a_quoted_invocation_policy_is_accepted (tests.test_matt_snapshot.MattSnapshotTests.test_a_quoted_invocation_policy_is_accepted) ... ok
test_a_quoted_skill_name_is_accepted (tests.test_matt_snapshot.MattSnapshotTests.test_a_quoted_skill_name_is_accepted) ... ok
test_an_invalid_invocation_policy_still_fails_closed (tests.test_matt_snapshot.MattSnapshotTests.test_an_invalid_invocation_policy_still_fails_closed) ... ok
test_noncritical_content_only_change_is_a_maintenance_candidate (tests.test_matt_snapshot.MattSnapshotTests.test_noncritical_content_only_change_is_a_maintenance_candidate) ... ok
test_noncritical_workflow_or_git_side_effect_change_is_complex (tests.test_matt_snapshot.MattSnapshotTests.test_noncritical_workflow_or_git_side_effect_change_is_complex) ... ok
test_skill_add_remove_or_critical_change_requires_complex_review (tests.test_matt_snapshot.MattSnapshotTests.test_skill_add_remove_or_critical_change_requires_complex_review) ... ok
test_snapshot_with_undeclared_skill_fails_closed (tests.test_matt_snapshot.MattSnapshotTests.test_snapshot_with_undeclared_skill_fails_closed) ... ok
test_vendored_release_is_complete_and_matches_manifest (tests.test_matt_snapshot.MattSnapshotTests.test_vendored_release_is_complete_and_matches_manifest) ... ok
test_backfill_contract_rejects_ambiguous_ownership (tests.test_routine_merge.SessionContractTests.test_backfill_contract_rejects_ambiguous_ownership) ... ok
test_classification_contract_rejects_unprojected_or_closed_writes (tests.test_routine_merge.SessionContractTests.test_classification_contract_rejects_unprojected_or_closed_writes) ... ok
test_codex_and_claude_keep_only_contract_start_and_pr_confirmations (tests.test_routine_merge.SessionContractTests.test_codex_and_claude_keep_only_contract_start_and_pr_confirmations) ... ok
test_codex_separates_controller_and_interactive_pr_backfill (tests.test_routine_merge.SessionContractTests.test_codex_separates_controller_and_interactive_pr_backfill) ... ok
test_confirmation_contract_rejects_early_push_authorization (tests.test_routine_merge.SessionContractTests.test_confirmation_contract_rejects_early_push_authorization) ... ok
test_shared_onboarding_contract_rejects_provider_or_lifecycle_shortcuts (tests.test_routine_merge.SessionContractTests.test_shared_onboarding_contract_rejects_provider_or_lifecycle_shortcuts) ... ok
test_shared_onboarding_keeps_second_confirmation_and_manifest_lifecycle (tests.test_routine_merge.SessionContractTests.test_shared_onboarding_keeps_second_confirmation_and_manifest_lifecycle) ... ok
test_shared_provider_contract_rejects_unverified_push (tests.test_routine_merge.SessionContractTests.test_shared_provider_contract_rejects_unverified_push) ... ok
test_shared_provider_document_requires_single_writer_claim_and_push_readback (tests.test_routine_merge.SessionContractTests.test_shared_provider_document_requires_single_writer_claim_and_push_readback) ... ok
test_source_skills_pin_the_verified_merge_before_terminal_apply (tests.test_routine_merge.SessionContractTests.test_source_skills_pin_the_verified_merge_before_terminal_apply) ... ok
test_source_skills_require_exact_classification_readback_before_pr (tests.test_routine_merge.SessionContractTests.test_source_skills_require_exact_classification_readback_before_pr) ... ok
test_terminal_contract_rejects_unproved_or_floating_merge (tests.test_routine_merge.SessionContractTests.test_terminal_contract_rejects_unproved_or_floating_merge) ... ok

----------------------------------------------------------------------
Ran 38 tests in 5.090s

OK
